[debug] [2026-02-06T21:34:53.713Z] [Firebase Plugin] Activating Firebase extension.
[info] [Firebase Plugin] Checked firebase-tools, is up to date!
[debug] [2026-02-06T21:34:57.076Z] [Firebase Plugin] requireAuthWrapper
[debug] [2026-02-06T21:34:57.078Z] > command requires scopes: ["email","openid","https://www.googleapis.com/auth/cloudplatformprojects.readonly","https://www.googleapis.com/auth/firebase","https://www.googleapis.com/auth/cloud-platform"]
[debug] [2026-02-06T21:34:57.079Z] > authorizing via signed-in user (elmaestrogonzalez30@gmail.com)
[debug] [2026-02-06T21:34:57.084Z] Checked if tokens are valid: true, expires at: 1770417291490
[debug] [2026-02-06T21:34:57.085Z] Checked if tokens are valid: true, expires at: 1770417291490
[debug] [2026-02-06T21:34:57.085Z] [Firebase Plugin] User found:  elmaestrogonzalez30@gmail.com
[info] [Firebase Plugin] (Core:Project) New user detected, fetching projects
[debug] [2026-02-06T21:34:57.087Z] Checked if tokens are valid: true, expires at: 1770417291490
[debug] [2026-02-06T21:34:57.089Z] >>> [apiv2][query] GET https://firebase.googleapis.com/v1beta1/projects pageSize=1000
[info] [Firebase Plugin] Starting Data Connect toolkit (version 3.1.1) on port 50001
[info] i  dataconnect: downloading dataconnect-emulator-3.1.1.exe... {"metadata":{"emulator":{"name":"dataconnect"},"message":"downloading dataconnect-emulator-3.1.1.exe..."}}
[debug] [2026-02-06T21:34:57.846Z] >>> [apiv2][query] GET https://storage.googleapis.com/firemat-preview-drop/emulator/dataconnect-emulator-windows-amd64-v3.1.1 
[debug] [2026-02-06T21:34:57.886Z] <<< [apiv2][status] GET https://firebase.googleapis.com/v1beta1/projects 200
[debug] [2026-02-06T21:34:57.886Z] <<< [apiv2][body] GET https://firebase.googleapis.com/v1beta1/projects [omitted]
[debug] [2026-02-06T21:34:58.156Z] <<< [apiv2][status] GET https://storage.googleapis.com/firemat-preview-drop/emulator/dataconnect-emulator-windows-amd64-v3.1.1 200
[debug] [2026-02-06T21:34:58.157Z] <<< [apiv2][body] GET https://storage.googleapis.com/firemat-preview-drop/emulator/dataconnect-emulator-windows-amd64-v3.1.1 [stream]
[info] i  dataconnect: Removing outdated emulator files: dataconnect-emulator-1.9.2.exe {"metadata":{"emulator":{"name":"dataconnect"},"message":"Removing outdated emulator files: dataconnect-emulator-1.9.2.exe"}}
[debug] [2026-02-06T21:35:03.748Z] 'fdc build' failed with error: Unable to build your Data Connect schema and connectors (exit code 1): E0206 17:35:03.738595  112036 cmd.go:43] Error loading data connect config: could not find dataconnect.yaml in `c:\Users\elmae\proyecto-tiendas\dataconnect`
 {"metadata":{"emulator":{"name":"dataconnect"},"message":"'fdc build' failed with error: Unable to build your Data Connect schema and connectors (exit code 1): E0206 17:35:03.738595  112036 cmd.go:43] Error loading data connect config: could not find dataconnect.yaml in `c:\\Users\\elmae\\proyecto-tiendas\\dataconnect`\n"}}
[debug] [2026-02-06T21:35:03.750Z] Ignoring unsupported arg: auto_download {"metadata":{"emulator":{"name":"dataconnect"},"message":"Ignoring unsupported arg: auto_download"}}
[debug] [2026-02-06T21:35:03.750Z] Ignoring unsupported arg: port {"metadata":{"emulator":{"name":"dataconnect"},"message":"Ignoring unsupported arg: port"}}
[debug] [2026-02-06T21:35:03.750Z] Starting Data Connect Emulator with command {"binary":"C:\\Users\\elmae\\.cache\\firebase\\emulators\\dataconnect-emulator-3.1.1.exe","args":["--logtostderr","-v=2","dev","--listen=localhost:50001","--config_dir=c:\\Users\\elmae\\proyecto-tiendas\\dataconnect","--enable_output_schema_extensions=true","--enable_output_generated_sdk=true"],"optionalArgs":["listen","config_dir","enable_output_schema_extensions","enable_output_generated_sdk"],"joinArgs":true,"shell":false,"port":9399} {"metadata":{"emulator":{"name":"dataconnect"},"message":"Starting Data Connect Emulator with command {\"binary\":\"C:\\\\Users\\\\elmae\\\\.cache\\\\firebase\\\\emulators\\\\dataconnect-emulator-3.1.1.exe\",\"args\":[\"--logtostderr\",\"-v=2\",\"dev\",\"--listen=localhost:50001\",\"--config_dir=c:\\\\Users\\\\elmae\\\\proyecto-tiendas\\\\dataconnect\",\"--enable_output_schema_extensions=true\",\"--enable_output_generated_sdk=true\"],\"optionalArgs\":[\"listen\",\"config_dir\",\"enable_output_schema_extensions\",\"enable_output_generated_sdk\"],\"joinArgs\":true,\"shell\":false,\"port\":9399}"}}
[info] i  dataconnect: Data Connect Emulator logging to dataconnect-debug.log {"metadata":{"emulator":{"name":"dataconnect"},"message":"Data Connect Emulator logging to \u001b[1mdataconnect-debug.log\u001b[22m"}}
[debug] [2026-02-06T21:35:03.820Z] E0206 17:35:03.817967   24964 dev.go:83] Failed to load initial config from "c:\\Users\\elmae\\proyecto-tiendas\\dataconnect": could not find dataconnect.yaml in `c:\Users\elmae\proyecto-tiendas\dataconnect`
 {"metadata":{"emulator":{"name":"dataconnect"},"message":"E0206 17:35:03.817967   24964 dev.go:83] Failed to load initial config from \"c:\\\\Users\\\\elmae\\\\proyecto-tiendas\\\\dataconnect\": could not find dataconnect.yaml in `c:\\Users\\elmae\\proyecto-tiendas\\dataconnect`\n"}}
[debug] [2026-02-06T21:35:03.824Z] E0206 17:35:03.819769   24964 watch.go:116] watchAllDir unable to walk dir `c:\Users\elmae\proyecto-tiendas\dataconnect`: CreateFile c:\Users\elmae\proyecto-tiendas\dataconnect: The system cannot find the file specified.
 {"metadata":{"emulator":{"name":"dataconnect"},"message":"E0206 17:35:03.819769   24964 watch.go:116] watchAllDir unable to walk dir `c:\\Users\\elmae\\proyecto-tiendas\\dataconnect`: CreateFile c:\\Users\\elmae\\proyecto-tiendas\\dataconnect: The system cannot find the file specified.\n"}}
[debug] [2026-02-06T21:35:03.857Z] I0206 17:35:03.857244   24964 dev.go:104] Listening on address (HTTP + gRPC): 127.0.0.1:50001
 {"metadata":{"emulator":{"name":"dataconnect"},"message":"I0206 17:35:03.857244   24964 dev.go:104] Listening on address (HTTP + gRPC): 127.0.0.1:50001\n"}}
[error] [Firebase Plugin] error:  {}
[debug] [2026-02-06T21:35:13.825Z] E0206 17:35:13.824959   24964 watch.go:40] Failed to load config from "c:\\Users\\elmae\\proyecto-tiendas\\dataconnect": could not find dataconnect.yaml in `c:\Users\elmae\proyecto-tiendas\dataconnect`
 {"metadata":{"emulator":{"name":"dataconnect"},"message":"E0206 17:35:13.824959   24964 watch.go:40] Failed to load config from \"c:\\\\Users\\\\elmae\\\\proyecto-tiendas\\\\dataconnect\": could not find dataconnect.yaml in `c:\\Users\\elmae\\proyecto-tiendas\\dataconnect`\n"}}
[debug] [2026-02-06T21:35:23.825Z] E0206 17:35:23.824677   24964 watch.go:40] Failed to load config from "c:\\Users\\elmae\\proyecto-tiendas\\dataconnect": could not find dataconnect.yaml in `c:\Users\elmae\proyecto-tiendas\dataconnect`
 {"metadata":{"emulator":{"name":"dataconnect"},"message":"E0206 17:35:23.824677   24964 watch.go:40] Failed to load config from \"c:\\\\Users\\\\elmae\\\\proyecto-tiendas\\\\dataconnect\": could not find dataconnect.yaml in `c:\\Users\\elmae\\proyecto-tiendas\\dataconnect`\n"}}
[debug] [2026-02-06T21:35:33.825Z] E0206 17:35:33.825375   24964 watch.go:40] Failed to load config from "c:\\Users\\elmae\\proyecto-tiendas\\dataconnect": could not find dataconnect.yaml in `c:\Users\elmae\proyecto-tiendas\dataconnect`
 {"metadata":{"emulator":{"name":"dataconnect"},"message":"E0206 17:35:33.825375   24964 watch.go:40] Failed to load config from \"c:\\\\Users\\\\elmae\\\\proyecto-tiendas\\\\dataconnect\": could not find dataconnect.yaml in `c:\\Users\\elmae\\proyecto-tiendas\\dataconnect`\n"}}
[debug] [2026-02-06T21:35:43.825Z] E0206 17:35:43.824531   24964 watch.go:40] Failed to load config from "c:\\Users\\elmae\\proyecto-tiendas\\dataconnect": could not find dataconnect.yaml in `c:\Users\elmae\proyecto-tiendas\dataconnect`
 {"metadata":{"emulator":{"name":"dataconnect"},"message":"E0206 17:35:43.824531   24964 watch.go:40] Failed to load config from \"c:\\\\Users\\\\elmae\\\\proyecto-tiendas\\\\dataconnect\": could not find dataconnect.yaml in `c:\\Users\\elmae\\proyecto-tiendas\\dataconnect`\n"}}
[debug] [2026-02-06T21:35:53.824Z] E0206 17:35:53.824687   24964 watch.go:40] Failed to load config from "c:\\Users\\elmae\\proyecto-tiendas\\dataconnect": could not find dataconnect.yaml in `c:\Users\elmae\proyecto-tiendas\dataconnect`
 {"metadata":{"emulator":{"name":"dataconnect"},"message":"E0206 17:35:53.824687   24964 watch.go:40] Failed to load config from \"c:\\\\Users\\\\elmae\\\\proyecto-tiendas\\\\dataconnect\": could not find dataconnect.yaml in `c:\\Users\\elmae\\proyecto-tiendas\\dataconnect`\n"}}
[debug] [2026-02-06T21:36:03.824Z] E0206 17:36:03.824054   24964 watch.go:116] watchAllDir unable to walk dir `c:\Users\elmae\proyecto-tiendas\dataconnect`: CreateFile c:\Users\elmae\proyecto-tiendas\dataconnect: The system cannot find the file specified.
 {"metadata":{"emulator":{"name":"dataconnect"},"message":"E0206 17:36:03.824054   24964 watch.go:116] watchAllDir unable to walk dir `c:\\Users\\elmae\\proyecto-tiendas\\dataconnect`: CreateFile c:\\Users\\elmae\\proyecto-tiendas\\dataconnect: The system cannot find the file specified.\n"}}
[debug] [2026-02-06T21:36:03.825Z] E0206 17:36:03.824690   24964 watch.go:40] Failed to load config from "c:\\Users\\elmae\\proyecto-tiendas\\dataconnect": could not find dataconnect.yaml in `c:\Users\elmae\proyecto-tiendas\dataconnect`
 {"metadata":{"emulator":{"name":"dataconnect"},"message":"E0206 17:36:03.824690   24964 watch.go:40] Failed to load config from \"c:\\\\Users\\\\elmae\\\\proyecto-tiendas\\\\dataconnect\": could not find dataconnect.yaml in `c:\\Users\\elmae\\proyecto-tiendas\\dataconnect`\n"}}
[debug] [2026-02-06T21:36:13.824Z] E0206 17:36:13.825028   24964 watch.go:40] Failed to load config from "c:\\Users\\elmae\\proyecto-tiendas\\dataconnect": could not find dataconnect.yaml in `c:\Users\elmae\proyecto-tiendas\dataconnect`
 {"metadata":{"emulator":{"name":"dataconnect"},"message":"E0206 17:36:13.825028   24964 watch.go:40] Failed to load config from \"c:\\\\Users\\\\elmae\\\\proyecto-tiendas\\\\dataconnect\": could not find dataconnect.yaml in `c:\\Users\\elmae\\proyecto-tiendas\\dataconnect`\n"}}
[debug] [2026-02-06T21:36:23.824Z] E0206 17:36:23.824044   24964 watch.go:40] Failed to load config from "c:\\Users\\elmae\\proyecto-tiendas\\dataconnect": could not find dataconnect.yaml in `c:\Users\elmae\proyecto-tiendas\dataconnect`
 {"metadata":{"emulator":{"name":"dataconnect"},"message":"E0206 17:36:23.824044   24964 watch.go:40] Failed to load config from \"c:\\\\Users\\\\elmae\\\\proyecto-tiendas\\\\dataconnect\": could not find dataconnect.yaml in `c:\\Users\\elmae\\proyecto-tiendas\\dataconnect`\n"}}
[debug] [2026-02-06T21:36:33.824Z] E0206 17:36:33.824956   24964 watch.go:40] Failed to load config from "c:\\Users\\elmae\\proyecto-tiendas\\dataconnect": could not find dataconnect.yaml in `c:\Users\elmae\proyecto-tiendas\dataconnect`
 {"metadata":{"emulator":{"name":"dataconnect"},"message":"E0206 17:36:33.824956   24964 watch.go:40] Failed to load config from \"c:\\\\Users\\\\elmae\\\\proyecto-tiendas\\\\dataconnect\": could not find dataconnect.yaml in `c:\\Users\\elmae\\proyecto-tiendas\\dataconnect`\n"}}
[debug] [2026-02-06T21:36:43.824Z] E0206 17:36:43.823998   24964 watch.go:40] Failed to load config from "c:\\Users\\elmae\\proyecto-tiendas\\dataconnect": could not find dataconnect.yaml in `c:\Users\elmae\proyecto-tiendas\dataconnect`
 {"metadata":{"emulator":{"name":"dataconnect"},"message":"E0206 17:36:43.823998   24964 watch.go:40] Failed to load config from \"c:\\\\Users\\\\elmae\\\\proyecto-tiendas\\\\dataconnect\": could not find dataconnect.yaml in `c:\\Users\\elmae\\proyecto-tiendas\\dataconnect`\n"}}
[debug] [2026-02-06T21:36:53.824Z] E0206 17:36:53.824042   24964 watch.go:40] Failed to load config from "c:\\Users\\elmae\\proyecto-tiendas\\dataconnect": could not find dataconnect.yaml in `c:\Users\elmae\proyecto-tiendas\dataconnect`
 {"metadata":{"emulator":{"name":"dataconnect"},"message":"E0206 17:36:53.824042   24964 watch.go:40] Failed to load config from \"c:\\\\Users\\\\elmae\\\\proyecto-tiendas\\\\dataconnect\": could not find dataconnect.yaml in `c:\\Users\\elmae\\proyecto-tiendas\\dataconnect`\n"}}
[debug] [2026-02-06T21:37:03.831Z] E0206 17:37:03.828823   24964 watch.go:116] watchAllDir unable to walk dir `c:\Users\elmae\proyecto-tiendas\dataconnect`: CreateFile c:\Users\elmae\proyecto-tiendas\dataconnect: The system cannot find the file specified.
E0206 17:37:03.830836   24964 watch.go:40] Failed to load config from "c:\\Users\\elmae\\proyecto-tiendas\\dataconnect": could not find dataconnect.yaml in `c:\Users\elmae\proyecto-tiendas\dataconnect`
 {"metadata":{"emulator":{"name":"dataconnect"},"message":"E0206 17:37:03.828823   24964 watch.go:116] watchAllDir unable to walk dir `c:\\Users\\elmae\\proyecto-tiendas\\dataconnect`: CreateFile c:\\Users\\elmae\\proyecto-tiendas\\dataconnect: The system cannot find the file specified.\nE0206 17:37:03.830836   24964 watch.go:40] Failed to load config from \"c:\\\\Users\\\\elmae\\\\proyecto-tiendas\\\\dataconnect\": could not find dataconnect.yaml in `c:\\Users\\elmae\\proyecto-tiendas\\dataconnect`\n"}}
[debug] [2026-02-06T21:37:13.827Z] E0206 17:37:13.827160   24964 watch.go:40] Failed to load config from "c:\\Users\\elmae\\proyecto-tiendas\\dataconnect": could not find dataconnect.yaml in `c:\Users\elmae\proyecto-tiendas\dataconnect`
 {"metadata":{"emulator":{"name":"dataconnect"},"message":"E0206 17:37:13.827160   24964 watch.go:40] Failed to load config from \"c:\\\\Users\\\\elmae\\\\proyecto-tiendas\\\\dataconnect\": could not find dataconnect.yaml in `c:\\Users\\elmae\\proyecto-tiendas\\dataconnect`\n"}}
[debug] [2026-02-06T21:37:23.825Z] E0206 17:37:23.825057   24964 watch.go:40] Failed to load config from "c:\\Users\\elmae\\proyecto-tiendas\\dataconnect": could not find dataconnect.yaml in `c:\Users\elmae\proyecto-tiendas\dataconnect`
 {"metadata":{"emulator":{"name":"dataconnect"},"message":"E0206 17:37:23.825057   24964 watch.go:40] Failed to load config from \"c:\\\\Users\\\\elmae\\\\proyecto-tiendas\\\\dataconnect\": could not find dataconnect.yaml in `c:\\Users\\elmae\\proyecto-tiendas\\dataconnect`\n"}}
[debug] [2026-02-06T21:37:33.824Z] E0206 17:37:33.824392   24964 watch.go:40] Failed to load config from "c:\\Users\\elmae\\proyecto-tiendas\\dataconnect": could not find dataconnect.yaml in `c:\Users\elmae\proyecto-tiendas\dataconnect`
 {"metadata":{"emulator":{"name":"dataconnect"},"message":"E0206 17:37:33.824392   24964 watch.go:40] Failed to load config from \"c:\\\\Users\\\\elmae\\\\proyecto-tiendas\\\\dataconnect\": could not find dataconnect.yaml in `c:\\Users\\elmae\\proyecto-tiendas\\dataconnect`\n"}}
[debug] [2026-02-06T21:37:43.825Z] E0206 17:37:43.824959   24964 watch.go:40] Failed to load config from "c:\\Users\\elmae\\proyecto-tiendas\\dataconnect": could not find dataconnect.yaml in `c:\Users\elmae\proyecto-tiendas\dataconnect`
 {"metadata":{"emulator":{"name":"dataconnect"},"message":"E0206 17:37:43.824959   24964 watch.go:40] Failed to load config from \"c:\\\\Users\\\\elmae\\\\proyecto-tiendas\\\\dataconnect\": could not find dataconnect.yaml in `c:\\Users\\elmae\\proyecto-tiendas\\dataconnect`\n"}}
[debug] [2026-02-06T21:37:53.824Z] E0206 17:37:53.825122   24964 watch.go:40] Failed to load config from "c:\\Users\\elmae\\proyecto-tiendas\\dataconnect": could not find dataconnect.yaml in `c:\Users\elmae\proyecto-tiendas\dataconnect`
 {"metadata":{"emulator":{"name":"dataconnect"},"message":"E0206 17:37:53.825122   24964 watch.go:40] Failed to load config from \"c:\\\\Users\\\\elmae\\\\proyecto-tiendas\\\\dataconnect\": could not find dataconnect.yaml in `c:\\Users\\elmae\\proyecto-tiendas\\dataconnect`\n"}}
[debug] [2026-02-06T21:38:03.823Z] E0206 17:38:03.824360   24964 watch.go:116] watchAllDir unable to walk dir `c:\Users\elmae\proyecto-tiendas\dataconnect`: CreateFile c:\Users\elmae\proyecto-tiendas\dataconnect: The system cannot find the file specified.
 {"metadata":{"emulator":{"name":"dataconnect"},"message":"E0206 17:38:03.824360   24964 watch.go:116] watchAllDir unable to walk dir `c:\\Users\\elmae\\proyecto-tiendas\\dataconnect`: CreateFile c:\\Users\\elmae\\proyecto-tiendas\\dataconnect: The system cannot find the file specified.\n"}}
[debug] [2026-02-06T21:38:03.824Z] E0206 17:38:03.824360   24964 watch.go:40] Failed to load config from "c:\\Users\\elmae\\proyecto-tiendas\\dataconnect": could not find dataconnect.yaml in `c:\Users\elmae\proyecto-tiendas\dataconnect`
 {"metadata":{"emulator":{"name":"dataconnect"},"message":"E0206 17:38:03.824360   24964 watch.go:40] Failed to load config from \"c:\\\\Users\\\\elmae\\\\proyecto-tiendas\\\\dataconnect\": could not find dataconnect.yaml in `c:\\Users\\elmae\\proyecto-tiendas\\dataconnect`\n"}}
[debug] [2026-02-06T21:38:13.824Z] E0206 17:38:13.825387   24964 watch.go:40] Failed to load config from "c:\\Users\\elmae\\proyecto-tiendas\\dataconnect": could not find dataconnect.yaml in `c:\Users\elmae\proyecto-tiendas\dataconnect`
 {"metadata":{"emulator":{"name":"dataconnect"},"message":"E0206 17:38:13.825387   24964 watch.go:40] Failed to load config from \"c:\\\\Users\\\\elmae\\\\proyecto-tiendas\\\\dataconnect\": could not find dataconnect.yaml in `c:\\Users\\elmae\\proyecto-tiendas\\dataconnect`\n"}}
[debug] [2026-02-06T21:38:23.824Z] E0206 17:38:23.824526   24964 watch.go:40] Failed to load config from "c:\\Users\\elmae\\proyecto-tiendas\\dataconnect": could not find dataconnect.yaml in `c:\Users\elmae\proyecto-tiendas\dataconnect`
 {"metadata":{"emulator":{"name":"dataconnect"},"message":"E0206 17:38:23.824526   24964 watch.go:40] Failed to load config from \"c:\\\\Users\\\\elmae\\\\proyecto-tiendas\\\\dataconnect\": could not find dataconnect.yaml in `c:\\Users\\elmae\\proyecto-tiendas\\dataconnect`\n"}}
[debug] [2026-02-06T21:38:33.825Z] E0206 17:38:33.825494   24964 watch.go:40] Failed to load config from "c:\\Users\\elmae\\proyecto-tiendas\\dataconnect": could not find dataconnect.yaml in `c:\Users\elmae\proyecto-tiendas\dataconnect`
 {"metadata":{"emulator":{"name":"dataconnect"},"message":"E0206 17:38:33.825494   24964 watch.go:40] Failed to load config from \"c:\\\\Users\\\\elmae\\\\proyecto-tiendas\\\\dataconnect\": could not find dataconnect.yaml in `c:\\Users\\elmae\\proyecto-tiendas\\dataconnect`\n"}}
[debug] [2026-02-06T21:38:43.824Z] E0206 17:38:43.824896   24964 watch.go:40] Failed to load config from "c:\\Users\\elmae\\proyecto-tiendas\\dataconnect": could not find dataconnect.yaml in `c:\Users\elmae\proyecto-tiendas\dataconnect`
 {"metadata":{"emulator":{"name":"dataconnect"},"message":"E0206 17:38:43.824896   24964 watch.go:40] Failed to load config from \"c:\\\\Users\\\\elmae\\\\proyecto-tiendas\\\\dataconnect\": could not find dataconnect.yaml in `c:\\Users\\elmae\\proyecto-tiendas\\dataconnect`\n"}}
[debug] [2026-02-06T21:38:53.825Z] E0206 17:38:53.825387   24964 watch.go:40] Failed to load config from "c:\\Users\\elmae\\proyecto-tiendas\\dataconnect": could not find dataconnect.yaml in `c:\Users\elmae\proyecto-tiendas\dataconnect`
 {"metadata":{"emulator":{"name":"dataconnect"},"message":"E0206 17:38:53.825387   24964 watch.go:40] Failed to load config from \"c:\\\\Users\\\\elmae\\\\proyecto-tiendas\\\\dataconnect\": could not find dataconnect.yaml in `c:\\Users\\elmae\\proyecto-tiendas\\dataconnect`\n"}}
[debug] [2026-02-06T21:39:03.824Z] E0206 17:39:03.824101   24964 watch.go:116] watchAllDir unable to walk dir `c:\Users\elmae\proyecto-tiendas\dataconnect`: CreateFile c:\Users\elmae\proyecto-tiendas\dataconnect: The system cannot find the file specified.
E0206 17:39:03.824738   24964 watch.go:40] Failed to load config from "c:\\Users\\elmae\\proyecto-tiendas\\dataconnect": could not find dataconnect.yaml in `c:\Users\elmae\proyecto-tiendas\dataconnect`
 {"metadata":{"emulator":{"name":"dataconnect"},"message":"E0206 17:39:03.824101   24964 watch.go:116] watchAllDir unable to walk dir `c:\\Users\\elmae\\proyecto-tiendas\\dataconnect`: CreateFile c:\\Users\\elmae\\proyecto-tiendas\\dataconnect: The system cannot find the file specified.\nE0206 17:39:03.824738   24964 watch.go:40] Failed to load config from \"c:\\\\Users\\\\elmae\\\\proyecto-tiendas\\\\dataconnect\": could not find dataconnect.yaml in `c:\\Users\\elmae\\proyecto-tiendas\\dataconnect`\n"}}
[debug] [2026-02-06T21:39:13.825Z] E0206 17:39:13.825361   24964 watch.go:40] Failed to load config from "c:\\Users\\elmae\\proyecto-tiendas\\dataconnect": could not find dataconnect.yaml in `c:\Users\elmae\proyecto-tiendas\dataconnect`
 {"metadata":{"emulator":{"name":"dataconnect"},"message":"E0206 17:39:13.825361   24964 watch.go:40] Failed to load config from \"c:\\\\Users\\\\elmae\\\\proyecto-tiendas\\\\dataconnect\": could not find dataconnect.yaml in `c:\\Users\\elmae\\proyecto-tiendas\\dataconnect`\n"}}
[debug] [2026-02-06T21:39:23.826Z] E0206 17:39:23.825991   24964 watch.go:40] Failed to load config from "c:\\Users\\elmae\\proyecto-tiendas\\dataconnect": could not find dataconnect.yaml in `c:\Users\elmae\proyecto-tiendas\dataconnect`
 {"metadata":{"emulator":{"name":"dataconnect"},"message":"E0206 17:39:23.825991   24964 watch.go:40] Failed to load config from \"c:\\\\Users\\\\elmae\\\\proyecto-tiendas\\\\dataconnect\": could not find dataconnect.yaml in `c:\\Users\\elmae\\proyecto-tiendas\\dataconnect`\n"}}
[debug] [2026-02-06T21:39:33.824Z] E0206 17:39:33.824346   24964 watch.go:40] Failed to load config from "c:\\Users\\elmae\\proyecto-tiendas\\dataconnect": could not find dataconnect.yaml in `c:\Users\elmae\proyecto-tiendas\dataconnect`
 {"metadata":{"emulator":{"name":"dataconnect"},"message":"E0206 17:39:33.824346   24964 watch.go:40] Failed to load config from \"c:\\\\Users\\\\elmae\\\\proyecto-tiendas\\\\dataconnect\": could not find dataconnect.yaml in `c:\\Users\\elmae\\proyecto-tiendas\\dataconnect`\n"}}
[debug] [2026-02-06T21:39:43.826Z] E0206 17:39:43.826049   24964 watch.go:40] Failed to load config from "c:\\Users\\elmae\\proyecto-tiendas\\dataconnect": could not find dataconnect.yaml in `c:\Users\elmae\proyecto-tiendas\dataconnect`
 {"metadata":{"emulator":{"name":"dataconnect"},"message":"E0206 17:39:43.826049   24964 watch.go:40] Failed to load config from \"c:\\\\Users\\\\elmae\\\\proyecto-tiendas\\\\dataconnect\": could not find dataconnect.yaml in `c:\\Users\\elmae\\proyecto-tiendas\\dataconnect`\n"}}
[debug] [2026-02-06T21:39:53.825Z] E0206 17:39:53.824723   24964 watch.go:40] Failed to load config from "c:\\Users\\elmae\\proyecto-tiendas\\dataconnect": could not find dataconnect.yaml in `c:\Users\elmae\proyecto-tiendas\dataconnect`
 {"metadata":{"emulator":{"name":"dataconnect"},"message":"E0206 17:39:53.824723   24964 watch.go:40] Failed to load config from \"c:\\\\Users\\\\elmae\\\\proyecto-tiendas\\\\dataconnect\": could not find dataconnect.yaml in `c:\\Users\\elmae\\proyecto-tiendas\\dataconnect`\n"}}
[debug] [2026-02-06T21:40:03.824Z] E0206 17:40:03.824354   24964 watch.go:116] watchAllDir unable to walk dir `c:\Users\elmae\proyecto-tiendas\dataconnect`: CreateFile c:\Users\elmae\proyecto-tiendas\dataconnect: The system cannot find the file specified.
E0206 17:40:03.824964   24964 watch.go:40] Failed to load config from "c:\\Users\\elmae\\proyecto-tiendas\\dataconnect": could not find dataconnect.yaml in `c:\Users\elmae\proyecto-tiendas\dataconnect`
 {"metadata":{"emulator":{"name":"dataconnect"},"message":"E0206 17:40:03.824354   24964 watch.go:116] watchAllDir unable to walk dir `c:\\Users\\elmae\\proyecto-tiendas\\dataconnect`: CreateFile c:\\Users\\elmae\\proyecto-tiendas\\dataconnect: The system cannot find the file specified.\nE0206 17:40:03.824964   24964 watch.go:40] Failed to load config from \"c:\\\\Users\\\\elmae\\\\proyecto-tiendas\\\\dataconnect\": could not find dataconnect.yaml in `c:\\Users\\elmae\\proyecto-tiendas\\dataconnect`\n"}}
[debug] [2026-02-06T21:40:13.825Z] E0206 17:40:13.825053   24964 watch.go:40] Failed to load config from "c:\\Users\\elmae\\proyecto-tiendas\\dataconnect": could not find dataconnect.yaml in `c:\Users\elmae\proyecto-tiendas\dataconnect`
 {"metadata":{"emulator":{"name":"dataconnect"},"message":"E0206 17:40:13.825053   24964 watch.go:40] Failed to load config from \"c:\\\\Users\\\\elmae\\\\proyecto-tiendas\\\\dataconnect\": could not find dataconnect.yaml in `c:\\Users\\elmae\\proyecto-tiendas\\dataconnect`\n"}}
[debug] [2026-02-06T21:40:23.824Z] E0206 17:40:23.824509   24964 watch.go:40] Failed to load config from "c:\\Users\\elmae\\proyecto-tiendas\\dataconnect": could not find dataconnect.yaml in `c:\Users\elmae\proyecto-tiendas\dataconnect`
 {"metadata":{"emulator":{"name":"dataconnect"},"message":"E0206 17:40:23.824509   24964 watch.go:40] Failed to load config from \"c:\\\\Users\\\\elmae\\\\proyecto-tiendas\\\\dataconnect\": could not find dataconnect.yaml in `c:\\Users\\elmae\\proyecto-tiendas\\dataconnect`\n"}}
[debug] [2026-02-06T21:40:33.825Z] E0206 17:40:33.825124   24964 watch.go:40] Failed to load config from "c:\\Users\\elmae\\proyecto-tiendas\\dataconnect": could not find dataconnect.yaml in `c:\Users\elmae\proyecto-tiendas\dataconnect`
 {"metadata":{"emulator":{"name":"dataconnect"},"message":"E0206 17:40:33.825124   24964 watch.go:40] Failed to load config from \"c:\\\\Users\\\\elmae\\\\proyecto-tiendas\\\\dataconnect\": could not find dataconnect.yaml in `c:\\Users\\elmae\\proyecto-tiendas\\dataconnect`\n"}}
[debug] [2026-02-06T21:40:43.825Z] E0206 17:40:43.825137   24964 watch.go:40] Failed to load config from "c:\\Users\\elmae\\proyecto-tiendas\\dataconnect": could not find dataconnect.yaml in `c:\Users\elmae\proyecto-tiendas\dataconnect`
 {"metadata":{"emulator":{"name":"dataconnect"},"message":"E0206 17:40:43.825137   24964 watch.go:40] Failed to load config from \"c:\\\\Users\\\\elmae\\\\proyecto-tiendas\\\\dataconnect\": could not find dataconnect.yaml in `c:\\Users\\elmae\\proyecto-tiendas\\dataconnect`\n"}}
[debug] [2026-02-06T21:40:53.824Z] E0206 17:40:53.824785   24964 watch.go:40] Failed to load config from "c:\\Users\\elmae\\proyecto-tiendas\\dataconnect": could not find dataconnect.yaml in `c:\Users\elmae\proyecto-tiendas\dataconnect`
 {"metadata":{"emulator":{"name":"dataconnect"},"message":"E0206 17:40:53.824785   24964 watch.go:40] Failed to load config from \"c:\\\\Users\\\\elmae\\\\proyecto-tiendas\\\\dataconnect\": could not find dataconnect.yaml in `c:\\Users\\elmae\\proyecto-tiendas\\dataconnect`\n"}}
[debug] [2026-02-06T21:41:03.824Z] E0206 17:41:03.824248   24964 watch.go:116] watchAllDir unable to walk dir `c:\Users\elmae\proyecto-tiendas\dataconnect`: CreateFile c:\Users\elmae\proyecto-tiendas\dataconnect: The system cannot find the file specified.
 {"metadata":{"emulator":{"name":"dataconnect"},"message":"E0206 17:41:03.824248   24964 watch.go:116] watchAllDir unable to walk dir `c:\\Users\\elmae\\proyecto-tiendas\\dataconnect`: CreateFile c:\\Users\\elmae\\proyecto-tiendas\\dataconnect: The system cannot find the file specified.\n"}}
[debug] [2026-02-06T21:41:03.825Z] E0206 17:41:03.824248   24964 watch.go:40] Failed to load config from "c:\\Users\\elmae\\proyecto-tiendas\\dataconnect": could not find dataconnect.yaml in `c:\Users\elmae\proyecto-tiendas\dataconnect`
 {"metadata":{"emulator":{"name":"dataconnect"},"message":"E0206 17:41:03.824248   24964 watch.go:40] Failed to load config from \"c:\\\\Users\\\\elmae\\\\proyecto-tiendas\\\\dataconnect\": could not find dataconnect.yaml in `c:\\Users\\elmae\\proyecto-tiendas\\dataconnect`\n"}}
[debug] [2026-02-06T21:41:13.824Z] E0206 17:41:13.824977   24964 watch.go:40] Failed to load config from "c:\\Users\\elmae\\proyecto-tiendas\\dataconnect": could not find dataconnect.yaml in `c:\Users\elmae\proyecto-tiendas\dataconnect`
 {"metadata":{"emulator":{"name":"dataconnect"},"message":"E0206 17:41:13.824977   24964 watch.go:40] Failed to load config from \"c:\\\\Users\\\\elmae\\\\proyecto-tiendas\\\\dataconnect\": could not find dataconnect.yaml in `c:\\Users\\elmae\\proyecto-tiendas\\dataconnect`\n"}}
[debug] [2026-02-06T21:41:23.825Z] E0206 17:41:23.825210   24964 watch.go:40] Failed to load config from "c:\\Users\\elmae\\proyecto-tiendas\\dataconnect": could not find dataconnect.yaml in `c:\Users\elmae\proyecto-tiendas\dataconnect`
 {"metadata":{"emulator":{"name":"dataconnect"},"message":"E0206 17:41:23.825210   24964 watch.go:40] Failed to load config from \"c:\\\\Users\\\\elmae\\\\proyecto-tiendas\\\\dataconnect\": could not find dataconnect.yaml in `c:\\Users\\elmae\\proyecto-tiendas\\dataconnect`\n"}}
[debug] [2026-02-06T21:41:33.824Z] E0206 17:41:33.824964   24964 watch.go:40] Failed to load config from "c:\\Users\\elmae\\proyecto-tiendas\\dataconnect": could not find dataconnect.yaml in `c:\Users\elmae\proyecto-tiendas\dataconnect`
 {"metadata":{"emulator":{"name":"dataconnect"},"message":"E0206 17:41:33.824964   24964 watch.go:40] Failed to load config from \"c:\\\\Users\\\\elmae\\\\proyecto-tiendas\\\\dataconnect\": could not find dataconnect.yaml in `c:\\Users\\elmae\\proyecto-tiendas\\dataconnect`\n"}}
[debug] [2026-02-06T21:41:43.824Z] E0206 17:41:43.824079   24964 watch.go:40] Failed to load config from "c:\\Users\\elmae\\proyecto-tiendas\\dataconnect": could not find dataconnect.yaml in `c:\Users\elmae\proyecto-tiendas\dataconnect`
 {"metadata":{"emulator":{"name":"dataconnect"},"message":"E0206 17:41:43.824079   24964 watch.go:40] Failed to load config from \"c:\\\\Users\\\\elmae\\\\proyecto-tiendas\\\\dataconnect\": could not find dataconnect.yaml in `c:\\Users\\elmae\\proyecto-tiendas\\dataconnect`\n"}}
[debug] [2026-02-06T21:41:53.823Z] E0206 17:41:53.824878   24964 watch.go:40] Failed to load config from "c:\\Users\\elmae\\proyecto-tiendas\\dataconnect": could not find dataconnect.yaml in `c:\Users\elmae\proyecto-tiendas\dataconnect`
 {"metadata":{"emulator":{"name":"dataconnect"},"message":"E0206 17:41:53.824878   24964 watch.go:40] Failed to load config from \"c:\\\\Users\\\\elmae\\\\proyecto-tiendas\\\\dataconnect\": could not find dataconnect.yaml in `c:\\Users\\elmae\\proyecto-tiendas\\dataconnect`\n"}}
[debug] [2026-02-06T21:42:03.822Z] E0206 17:42:03.824157   24964 watch.go:116] watchAllDir unable to walk dir `c:\Users\elmae\proyecto-tiendas\dataconnect`: CreateFile c:\Users\elmae\proyecto-tiendas\dataconnect: The system cannot find the file specified.
E0206 17:42:03.824157   24964 watch.go:40] Failed to load config from "c:\\Users\\elmae\\proyecto-tiendas\\dataconnect": could not find dataconnect.yaml in `c:\Users\elmae\proyecto-tiendas\dataconnect`
 {"metadata":{"emulator":{"name":"dataconnect"},"message":"E0206 17:42:03.824157   24964 watch.go:116] watchAllDir unable to walk dir `c:\\Users\\elmae\\proyecto-tiendas\\dataconnect`: CreateFile c:\\Users\\elmae\\proyecto-tiendas\\dataconnect: The system cannot find the file specified.\nE0206 17:42:03.824157   24964 watch.go:40] Failed to load config from \"c:\\\\Users\\\\elmae\\\\proyecto-tiendas\\\\dataconnect\": could not find dataconnect.yaml in `c:\\Users\\elmae\\proyecto-tiendas\\dataconnect`\n"}}
[debug] [2026-02-06T21:42:13.823Z] E0206 17:42:13.824699   24964 watch.go:40] Failed to load config from "c:\\Users\\elmae\\proyecto-tiendas\\dataconnect": could not find dataconnect.yaml in `c:\Users\elmae\proyecto-tiendas\dataconnect`
 {"metadata":{"emulator":{"name":"dataconnect"},"message":"E0206 17:42:13.824699   24964 watch.go:40] Failed to load config from \"c:\\\\Users\\\\elmae\\\\proyecto-tiendas\\\\dataconnect\": could not find dataconnect.yaml in `c:\\Users\\elmae\\proyecto-tiendas\\dataconnect`\n"}}
[debug] [2026-02-06T21:42:23.822Z] E0206 17:42:23.824236   24964 watch.go:40] Failed to load config from "c:\\Users\\elmae\\proyecto-tiendas\\dataconnect": could not find dataconnect.yaml in `c:\Users\elmae\proyecto-tiendas\dataconnect`
 {"metadata":{"emulator":{"name":"dataconnect"},"message":"E0206 17:42:23.824236   24964 watch.go:40] Failed to load config from \"c:\\\\Users\\\\elmae\\\\proyecto-tiendas\\\\dataconnect\": could not find dataconnect.yaml in `c:\\Users\\elmae\\proyecto-tiendas\\dataconnect`\n"}}
[debug] [2026-02-06T21:42:33.823Z] E0206 17:42:33.824133   24964 watch.go:40] Failed to load config from "c:\\Users\\elmae\\proyecto-tiendas\\dataconnect": could not find dataconnect.yaml in `c:\Users\elmae\proyecto-tiendas\dataconnect`
 {"metadata":{"emulator":{"name":"dataconnect"},"message":"E0206 17:42:33.824133   24964 watch.go:40] Failed to load config from \"c:\\\\Users\\\\elmae\\\\proyecto-tiendas\\\\dataconnect\": could not find dataconnect.yaml in `c:\\Users\\elmae\\proyecto-tiendas\\dataconnect`\n"}}
[debug] [2026-02-06T21:42:43.823Z] E0206 17:42:43.824151   24964 watch.go:40] Failed to load config from "c:\\Users\\elmae\\proyecto-tiendas\\dataconnect": could not find dataconnect.yaml in `c:\Users\elmae\proyecto-tiendas\dataconnect`
 {"metadata":{"emulator":{"name":"dataconnect"},"message":"E0206 17:42:43.824151   24964 watch.go:40] Failed to load config from \"c:\\\\Users\\\\elmae\\\\proyecto-tiendas\\\\dataconnect\": could not find dataconnect.yaml in `c:\\Users\\elmae\\proyecto-tiendas\\dataconnect`\n"}}
[debug] [2026-02-06T21:42:53.822Z] E0206 17:42:53.824773   24964 watch.go:40] Failed to load config from "c:\\Users\\elmae\\proyecto-tiendas\\dataconnect": could not find dataconnect.yaml in `c:\Users\elmae\proyecto-tiendas\dataconnect`
 {"metadata":{"emulator":{"name":"dataconnect"},"message":"E0206 17:42:53.824773   24964 watch.go:40] Failed to load config from \"c:\\\\Users\\\\elmae\\\\proyecto-tiendas\\\\dataconnect\": could not find dataconnect.yaml in `c:\\Users\\elmae\\proyecto-tiendas\\dataconnect`\n"}}
[debug] [2026-02-06T21:43:03.822Z] E0206 17:43:03.824415   24964 watch.go:116] watchAllDir unable to walk dir `c:\Users\elmae\proyecto-tiendas\dataconnect`: CreateFile c:\Users\elmae\proyecto-tiendas\dataconnect: The system cannot find the file specified.
E0206 17:43:03.824415   24964 watch.go:40] Failed to load config from "c:\\Users\\elmae\\proyecto-tiendas\\dataconnect": could not find dataconnect.yaml in `c:\Users\elmae\proyecto-tiendas\dataconnect`
 {"metadata":{"emulator":{"name":"dataconnect"},"message":"E0206 17:43:03.824415   24964 watch.go:116] watchAllDir unable to walk dir `c:\\Users\\elmae\\proyecto-tiendas\\dataconnect`: CreateFile c:\\Users\\elmae\\proyecto-tiendas\\dataconnect: The system cannot find the file specified.\nE0206 17:43:03.824415   24964 watch.go:40] Failed to load config from \"c:\\\\Users\\\\elmae\\\\proyecto-tiendas\\\\dataconnect\": could not find dataconnect.yaml in `c:\\Users\\elmae\\proyecto-tiendas\\dataconnect`\n"}}
[debug] [2026-02-06T21:43:13.822Z] E0206 17:43:13.824298   24964 watch.go:40] Failed to load config from "c:\\Users\\elmae\\proyecto-tiendas\\dataconnect": could not find dataconnect.yaml in `c:\Users\elmae\proyecto-tiendas\dataconnect`
 {"metadata":{"emulator":{"name":"dataconnect"},"message":"E0206 17:43:13.824298   24964 watch.go:40] Failed to load config from \"c:\\\\Users\\\\elmae\\\\proyecto-tiendas\\\\dataconnect\": could not find dataconnect.yaml in `c:\\Users\\elmae\\proyecto-tiendas\\dataconnect`\n"}}
[debug] [2026-02-06T21:43:23.822Z] E0206 17:43:23.824457   24964 watch.go:40] Failed to load config from "c:\\Users\\elmae\\proyecto-tiendas\\dataconnect": could not find dataconnect.yaml in `c:\Users\elmae\proyecto-tiendas\dataconnect`
 {"metadata":{"emulator":{"name":"dataconnect"},"message":"E0206 17:43:23.824457   24964 watch.go:40] Failed to load config from \"c:\\\\Users\\\\elmae\\\\proyecto-tiendas\\\\dataconnect\": could not find dataconnect.yaml in `c:\\Users\\elmae\\proyecto-tiendas\\dataconnect`\n"}}
[debug] [2026-02-06T21:43:33.822Z] E0206 17:43:33.824235   24964 watch.go:40] Failed to load config from "c:\\Users\\elmae\\proyecto-tiendas\\dataconnect": could not find dataconnect.yaml in `c:\Users\elmae\proyecto-tiendas\dataconnect`
 {"metadata":{"emulator":{"name":"dataconnect"},"message":"E0206 17:43:33.824235   24964 watch.go:40] Failed to load config from \"c:\\\\Users\\\\elmae\\\\proyecto-tiendas\\\\dataconnect\": could not find dataconnect.yaml in `c:\\Users\\elmae\\proyecto-tiendas\\dataconnect`\n"}}
[debug] [2026-02-06T21:43:43.822Z] E0206 17:43:43.824254   24964 watch.go:40] Failed to load config from "c:\\Users\\elmae\\proyecto-tiendas\\dataconnect": could not find dataconnect.yaml in `c:\Users\elmae\proyecto-tiendas\dataconnect`
 {"metadata":{"emulator":{"name":"dataconnect"},"message":"E0206 17:43:43.824254   24964 watch.go:40] Failed to load config from \"c:\\\\Users\\\\elmae\\\\proyecto-tiendas\\\\dataconnect\": could not find dataconnect.yaml in `c:\\Users\\elmae\\proyecto-tiendas\\dataconnect`\n"}}
[debug] [2026-02-06T21:43:53.825Z] E0206 17:43:53.824925   24964 watch.go:40] Failed to load config from "c:\\Users\\elmae\\proyecto-tiendas\\dataconnect": could not find dataconnect.yaml in `c:\Users\elmae\proyecto-tiendas\dataconnect`
 {"metadata":{"emulator":{"name":"dataconnect"},"message":"E0206 17:43:53.824925   24964 watch.go:40] Failed to load config from \"c:\\\\Users\\\\elmae\\\\proyecto-tiendas\\\\dataconnect\": could not find dataconnect.yaml in `c:\\Users\\elmae\\proyecto-tiendas\\dataconnect`\n"}}
[debug] [2026-02-06T21:44:03.824Z] E0206 17:44:03.823961   24964 watch.go:116] watchAllDir unable to walk dir `c:\Users\elmae\proyecto-tiendas\dataconnect`: CreateFile c:\Users\elmae\proyecto-tiendas\dataconnect: The system cannot find the file specified.
 {"metadata":{"emulator":{"name":"dataconnect"},"message":"E0206 17:44:03.823961   24964 watch.go:116] watchAllDir unable to walk dir `c:\\Users\\elmae\\proyecto-tiendas\\dataconnect`: CreateFile c:\\Users\\elmae\\proyecto-tiendas\\dataconnect: The system cannot find the file specified.\n"}}
[debug] [2026-02-06T21:44:03.825Z] E0206 17:44:03.824491   24964 watch.go:40] Failed to load config from "c:\\Users\\elmae\\proyecto-tiendas\\dataconnect": could not find dataconnect.yaml in `c:\Users\elmae\proyecto-tiendas\dataconnect`
 {"metadata":{"emulator":{"name":"dataconnect"},"message":"E0206 17:44:03.824491   24964 watch.go:40] Failed to load config from \"c:\\\\Users\\\\elmae\\\\proyecto-tiendas\\\\dataconnect\": could not find dataconnect.yaml in `c:\\Users\\elmae\\proyecto-tiendas\\dataconnect`\n"}}
[debug] [2026-02-06T21:44:13.825Z] E0206 17:44:13.825205   24964 watch.go:40] Failed to load config from "c:\\Users\\elmae\\proyecto-tiendas\\dataconnect": could not find dataconnect.yaml in `c:\Users\elmae\proyecto-tiendas\dataconnect`
 {"metadata":{"emulator":{"name":"dataconnect"},"message":"E0206 17:44:13.825205   24964 watch.go:40] Failed to load config from \"c:\\\\Users\\\\elmae\\\\proyecto-tiendas\\\\dataconnect\": could not find dataconnect.yaml in `c:\\Users\\elmae\\proyecto-tiendas\\dataconnect`\n"}}
[debug] [2026-02-06T21:44:23.825Z] E0206 17:44:23.825088   24964 watch.go:40] Failed to load config from "c:\\Users\\elmae\\proyecto-tiendas\\dataconnect": could not find dataconnect.yaml in `c:\Users\elmae\proyecto-tiendas\dataconnect`
 {"metadata":{"emulator":{"name":"dataconnect"},"message":"E0206 17:44:23.825088   24964 watch.go:40] Failed to load config from \"c:\\\\Users\\\\elmae\\\\proyecto-tiendas\\\\dataconnect\": could not find dataconnect.yaml in `c:\\Users\\elmae\\proyecto-tiendas\\dataconnect`\n"}}
[debug] [2026-02-06T21:44:33.825Z] E0206 17:44:33.825075   24964 watch.go:40] Failed to load config from "c:\\Users\\elmae\\proyecto-tiendas\\dataconnect": could not find dataconnect.yaml in `c:\Users\elmae\proyecto-tiendas\dataconnect`
 {"metadata":{"emulator":{"name":"dataconnect"},"message":"E0206 17:44:33.825075   24964 watch.go:40] Failed to load config from \"c:\\\\Users\\\\elmae\\\\proyecto-tiendas\\\\dataconnect\": could not find dataconnect.yaml in `c:\\Users\\elmae\\proyecto-tiendas\\dataconnect`\n"}}
[debug] [2026-02-06T21:44:43.824Z] E0206 17:44:43.824238   24964 watch.go:40] Failed to load config from "c:\\Users\\elmae\\proyecto-tiendas\\dataconnect": could not find dataconnect.yaml in `c:\Users\elmae\proyecto-tiendas\dataconnect`
 {"metadata":{"emulator":{"name":"dataconnect"},"message":"E0206 17:44:43.824238   24964 watch.go:40] Failed to load config from \"c:\\\\Users\\\\elmae\\\\proyecto-tiendas\\\\dataconnect\": could not find dataconnect.yaml in `c:\\Users\\elmae\\proyecto-tiendas\\dataconnect`\n"}}
[debug] [2026-02-06T21:44:53.823Z] E0206 17:44:53.824803   24964 watch.go:40] Failed to load config from "c:\\Users\\elmae\\proyecto-tiendas\\dataconnect": could not find dataconnect.yaml in `c:\Users\elmae\proyecto-tiendas\dataconnect`
 {"metadata":{"emulator":{"name":"dataconnect"},"message":"E0206 17:44:53.824803   24964 watch.go:40] Failed to load config from \"c:\\\\Users\\\\elmae\\\\proyecto-tiendas\\\\dataconnect\": could not find dataconnect.yaml in `c:\\Users\\elmae\\proyecto-tiendas\\dataconnect`\n"}}
[info] [Firebase Plugin] Stopping Data Connect toolkit
[debug] [2026-02-06T21:45:04.327Z] E0206 17:45:03.824126   24964 watch.go:116] watchAllDir unable to walk dir `c:\Users\elmae\proyecto-tiendas\dataconnect`: CreateFile c:\Users\elmae\proyecto-tiendas\dataconnect: The system cannot find the file specified.
E0206 17:45:03.824766   24964 watch.go:40] Failed to load config from "c:\\Users\\elmae\\proyecto-tiendas\\dataconnect": could not find dataconnect.yaml in `c:\Users\elmae\proyecto-tiendas\dataconnect`
 {"metadata":{"emulator":{"name":"dataconnect"},"message":"E0206 17:45:03.824126   24964 watch.go:116] watchAllDir unable to walk dir `c:\\Users\\elmae\\proyecto-tiendas\\dataconnect`: CreateFile c:\\Users\\elmae\\proyecto-tiendas\\dataconnect: The system cannot find the file specified.\nE0206 17:45:03.824766   24964 watch.go:40] Failed to load config from \"c:\\\\Users\\\\elmae\\\\proyecto-tiendas\\\\dataconnect\": could not find dataconnect.yaml in `c:\\Users\\elmae\\proyecto-tiendas\\dataconnect`\n"}}
[debug] [2026-02-06T21:45:59.085Z] [Firebase Plugin] Activating Firebase extension.
[info] [Firebase Plugin] Checked firebase-tools, is up to date!
[debug] [2026-02-06T21:46:21.980Z] [Firebase Plugin] requireAuthWrapper
[debug] [2026-02-06T21:46:21.985Z] > command requires scopes: ["email","openid","https://www.googleapis.com/auth/cloudplatformprojects.readonly","https://www.googleapis.com/auth/firebase","https://www.googleapis.com/auth/cloud-platform"]
[debug] [2026-02-06T21:46:21.987Z] > authorizing via signed-in user (elmaestrogonzalez30@gmail.com)
[debug] [2026-02-06T21:46:22.003Z] Checked if tokens are valid: true, expires at: 1770417291490
[debug] [2026-02-06T21:46:22.004Z] Checked if tokens are valid: true, expires at: 1770417291490
[debug] [2026-02-06T21:46:22.005Z] [Firebase Plugin] User found:  elmaestrogonzalez30@gmail.com
[info] [Firebase Plugin] (Core:Project) New user detected, fetching projects
[debug] [2026-02-06T21:46:22.013Z] Checked if tokens are valid: true, expires at: 1770417291490
[debug] [2026-02-06T21:46:22.019Z] >>> [apiv2][query] GET https://firebase.googleapis.com/v1beta1/projects pageSize=1000
[info] [Firebase Plugin] Starting Data Connect toolkit (version 3.1.1) on port 50001
[debug] [2026-02-06T21:46:27.128Z] 'fdc build' failed with error: Unable to build your Data Connect schema and connectors (exit code 1): E0206 17:46:27.104297   45956 cmd.go:43] Error loading data connect config: could not find dataconnect.yaml in `c:\Users\elmae\proyecto-tiendas\dataconnect`
 {"metadata":{"emulator":{"name":"dataconnect"},"message":"'fdc build' failed with error: Unable to build your Data Connect schema and connectors (exit code 1): E0206 17:46:27.104297   45956 cmd.go:43] Error loading data connect config: could not find dataconnect.yaml in `c:\\Users\\elmae\\proyecto-tiendas\\dataconnect`\n"}}
[debug] [2026-02-06T21:46:27.130Z] Ignoring unsupported arg: auto_download {"metadata":{"emulator":{"name":"dataconnect"},"message":"Ignoring unsupported arg: auto_download"}}
[debug] [2026-02-06T21:46:27.131Z] Ignoring unsupported arg: port {"metadata":{"emulator":{"name":"dataconnect"},"message":"Ignoring unsupported arg: port"}}
[debug] [2026-02-06T21:46:27.131Z] Starting Data Connect Emulator with command {"binary":"C:\\Users\\elmae\\.cache\\firebase\\emulators\\dataconnect-emulator-3.1.1.exe","args":["--logtostderr","-v=2","dev","--listen=localhost:50001","--config_dir=c:\\Users\\elmae\\proyecto-tiendas\\dataconnect","--enable_output_schema_extensions=true","--enable_output_generated_sdk=true"],"optionalArgs":["listen","config_dir","enable_output_schema_extensions","enable_output_generated_sdk"],"joinArgs":true,"shell":false,"port":9399} {"metadata":{"emulator":{"name":"dataconnect"},"message":"Starting Data Connect Emulator with command {\"binary\":\"C:\\\\Users\\\\elmae\\\\.cache\\\\firebase\\\\emulators\\\\dataconnect-emulator-3.1.1.exe\",\"args\":[\"--logtostderr\",\"-v=2\",\"dev\",\"--listen=localhost:50001\",\"--config_dir=c:\\\\Users\\\\elmae\\\\proyecto-tiendas\\\\dataconnect\",\"--enable_output_schema_extensions=true\",\"--enable_output_generated_sdk=true\"],\"optionalArgs\":[\"listen\",\"config_dir\",\"enable_output_schema_extensions\",\"enable_output_generated_sdk\"],\"joinArgs\":true,\"shell\":false,\"port\":9399}"}}
[info] i  dataconnect: Data Connect Emulator logging to dataconnect-debug.log {"metadata":{"emulator":{"name":"dataconnect"},"message":"Data Connect Emulator logging to \u001b[1mdataconnect-debug.log\u001b[22m"}}
[debug] [2026-02-06T21:46:28.159Z] E0206 17:46:27.451186   46860 dev.go:83] Failed to load initial config from "c:\\Users\\elmae\\proyecto-tiendas\\dataconnect": could not find dataconnect.yaml in `c:\Users\elmae\proyecto-tiendas\dataconnect`
E0206 17:46:27.455195   46860 watch.go:116] watchAllDir unable to walk dir `c:\Users\elmae\proyecto-tiendas\dataconnect`: CreateFile c:\Users\elmae\proyecto-tiendas\dataconnect: The system cannot find the file specified.
I0206 17:46:27.936971   46860 dev.go:104] Listening on address (HTTP + gRPC): 127.0.0.1:50001
 {"metadata":{"emulator":{"name":"dataconnect"},"message":"E0206 17:46:27.451186   46860 dev.go:83] Failed to load initial config from \"c:\\\\Users\\\\elmae\\\\proyecto-tiendas\\\\dataconnect\": could not find dataconnect.yaml in `c:\\Users\\elmae\\proyecto-tiendas\\dataconnect`\nE0206 17:46:27.455195   46860 watch.go:116] watchAllDir unable to walk dir `c:\\Users\\elmae\\proyecto-tiendas\\dataconnect`: CreateFile c:\\Users\\elmae\\proyecto-tiendas\\dataconnect: The system cannot find the file specified.\nI0206 17:46:27.936971   46860 dev.go:104] Listening on address (HTTP + gRPC): 127.0.0.1:50001\n"}}
[debug] [2026-02-06T21:46:32.580Z] <<< [apiv2][status] GET https://firebase.googleapis.com/v1beta1/projects 200
[debug] [2026-02-06T21:46:32.581Z] <<< [apiv2][body] GET https://firebase.googleapis.com/v1beta1/projects [omitted]
[error] [Firebase Plugin] error:  {}
[debug] [2026-02-06T21:46:37.462Z] E0206 17:46:37.456287   46860 watch.go:40] Failed to load config from "c:\\Users\\elmae\\proyecto-tiendas\\dataconnect": could not find dataconnect.yaml in `c:\Users\elmae\proyecto-tiendas\dataconnect`
 {"metadata":{"emulator":{"name":"dataconnect"},"message":"E0206 17:46:37.456287   46860 watch.go:40] Failed to load config from \"c:\\\\Users\\\\elmae\\\\proyecto-tiendas\\\\dataconnect\": could not find dataconnect.yaml in `c:\\Users\\elmae\\proyecto-tiendas\\dataconnect`\n"}}
[debug] [2026-02-06T21:46:47.456Z] E0206 17:46:47.456040   46860 watch.go:40] Failed to load config from "c:\\Users\\elmae\\proyecto-tiendas\\dataconnect": could not find dataconnect.yaml in `c:\Users\elmae\proyecto-tiendas\dataconnect`
 {"metadata":{"emulator":{"name":"dataconnect"},"message":"E0206 17:46:47.456040   46860 watch.go:40] Failed to load config from \"c:\\\\Users\\\\elmae\\\\proyecto-tiendas\\\\dataconnect\": could not find dataconnect.yaml in `c:\\Users\\elmae\\proyecto-tiendas\\dataconnect`\n"}}
[debug] [2026-02-06T21:46:57.458Z] E0206 17:46:57.457968   46860 watch.go:40] Failed to load config from "c:\\Users\\elmae\\proyecto-tiendas\\dataconnect": could not find dataconnect.yaml in `c:\Users\elmae\proyecto-tiendas\dataconnect`
 {"metadata":{"emulator":{"name":"dataconnect"},"message":"E0206 17:46:57.457968   46860 watch.go:40] Failed to load config from \"c:\\\\Users\\\\elmae\\\\proyecto-tiendas\\\\dataconnect\": could not find dataconnect.yaml in `c:\\Users\\elmae\\proyecto-tiendas\\dataconnect`\n"}}
[debug] [2026-02-06T21:47:07.455Z] E0206 17:47:07.455877   46860 watch.go:40] Failed to load config from "c:\\Users\\elmae\\proyecto-tiendas\\dataconnect": could not find dataconnect.yaml in `c:\Users\elmae\proyecto-tiendas\dataconnect`
 {"metadata":{"emulator":{"name":"dataconnect"},"message":"E0206 17:47:07.455877   46860 watch.go:40] Failed to load config from \"c:\\\\Users\\\\elmae\\\\proyecto-tiendas\\\\dataconnect\": could not find dataconnect.yaml in `c:\\Users\\elmae\\proyecto-tiendas\\dataconnect`\n"}}
[debug] [2026-02-06T21:47:17.456Z] E0206 17:47:17.456169   46860 watch.go:40] Failed to load config from "c:\\Users\\elmae\\proyecto-tiendas\\dataconnect": could not find dataconnect.yaml in `c:\Users\elmae\proyecto-tiendas\dataconnect`
 {"metadata":{"emulator":{"name":"dataconnect"},"message":"E0206 17:47:17.456169   46860 watch.go:40] Failed to load config from \"c:\\\\Users\\\\elmae\\\\proyecto-tiendas\\\\dataconnect\": could not find dataconnect.yaml in `c:\\Users\\elmae\\proyecto-tiendas\\dataconnect`\n"}}
[debug] [2026-02-06T21:47:27.455Z] E0206 17:47:27.455553   46860 watch.go:116] watchAllDir unable to walk dir `c:\Users\elmae\proyecto-tiendas\dataconnect`: CreateFile c:\Users\elmae\proyecto-tiendas\dataconnect: The system cannot find the file specified.
 {"metadata":{"emulator":{"name":"dataconnect"},"message":"E0206 17:47:27.455553   46860 watch.go:116] watchAllDir unable to walk dir `c:\\Users\\elmae\\proyecto-tiendas\\dataconnect`: CreateFile c:\\Users\\elmae\\proyecto-tiendas\\dataconnect: The system cannot find the file specified.\n"}}
[debug] [2026-02-06T21:47:27.456Z] E0206 17:47:27.455553   46860 watch.go:40] Failed to load config from "c:\\Users\\elmae\\proyecto-tiendas\\dataconnect": could not find dataconnect.yaml in `c:\Users\elmae\proyecto-tiendas\dataconnect`
 {"metadata":{"emulator":{"name":"dataconnect"},"message":"E0206 17:47:27.455553   46860 watch.go:40] Failed to load config from \"c:\\\\Users\\\\elmae\\\\proyecto-tiendas\\\\dataconnect\": could not find dataconnect.yaml in `c:\\Users\\elmae\\proyecto-tiendas\\dataconnect`\n"}}
[debug] [2026-02-06T21:47:37.455Z] E0206 17:47:37.455621   46860 watch.go:40] Failed to load config from "c:\\Users\\elmae\\proyecto-tiendas\\dataconnect": could not find dataconnect.yaml in `c:\Users\elmae\proyecto-tiendas\dataconnect`
 {"metadata":{"emulator":{"name":"dataconnect"},"message":"E0206 17:47:37.455621   46860 watch.go:40] Failed to load config from \"c:\\\\Users\\\\elmae\\\\proyecto-tiendas\\\\dataconnect\": could not find dataconnect.yaml in `c:\\Users\\elmae\\proyecto-tiendas\\dataconnect`\n"}}
[debug] [2026-02-06T21:47:47.456Z] E0206 17:47:47.456305   46860 watch.go:40] Failed to load config from "c:\\Users\\elmae\\proyecto-tiendas\\dataconnect": could not find dataconnect.yaml in `c:\Users\elmae\proyecto-tiendas\dataconnect`
 {"metadata":{"emulator":{"name":"dataconnect"},"message":"E0206 17:47:47.456305   46860 watch.go:40] Failed to load config from \"c:\\\\Users\\\\elmae\\\\proyecto-tiendas\\\\dataconnect\": could not find dataconnect.yaml in `c:\\Users\\elmae\\proyecto-tiendas\\dataconnect`\n"}}
[debug] [2026-02-06T21:47:57.456Z] E0206 17:47:57.455537   46860 watch.go:40] Failed to load config from "c:\\Users\\elmae\\proyecto-tiendas\\dataconnect": could not find dataconnect.yaml in `c:\Users\elmae\proyecto-tiendas\dataconnect`
 {"metadata":{"emulator":{"name":"dataconnect"},"message":"E0206 17:47:57.455537   46860 watch.go:40] Failed to load config from \"c:\\\\Users\\\\elmae\\\\proyecto-tiendas\\\\dataconnect\": could not find dataconnect.yaml in `c:\\Users\\elmae\\proyecto-tiendas\\dataconnect`\n"}}
[debug] [2026-02-06T21:48:07.456Z] E0206 17:48:07.456436   46860 watch.go:40] Failed to load config from "c:\\Users\\elmae\\proyecto-tiendas\\dataconnect": could not find dataconnect.yaml in `c:\Users\elmae\proyecto-tiendas\dataconnect`
 {"metadata":{"emulator":{"name":"dataconnect"},"message":"E0206 17:48:07.456436   46860 watch.go:40] Failed to load config from \"c:\\\\Users\\\\elmae\\\\proyecto-tiendas\\\\dataconnect\": could not find dataconnect.yaml in `c:\\Users\\elmae\\proyecto-tiendas\\dataconnect`\n"}}
[debug] [2026-02-06T21:48:17.457Z] E0206 17:48:17.457248   46860 watch.go:40] Failed to load config from "c:\\Users\\elmae\\proyecto-tiendas\\dataconnect": could not find dataconnect.yaml in `c:\Users\elmae\proyecto-tiendas\dataconnect`
 {"metadata":{"emulator":{"name":"dataconnect"},"message":"E0206 17:48:17.457248   46860 watch.go:40] Failed to load config from \"c:\\\\Users\\\\elmae\\\\proyecto-tiendas\\\\dataconnect\": could not find dataconnect.yaml in `c:\\Users\\elmae\\proyecto-tiendas\\dataconnect`\n"}}
[debug] [2026-02-06T21:48:27.456Z] E0206 17:48:27.456105   46860 watch.go:116] watchAllDir unable to walk dir `c:\Users\elmae\proyecto-tiendas\dataconnect`: CreateFile c:\Users\elmae\proyecto-tiendas\dataconnect: The system cannot find the file specified.
 {"metadata":{"emulator":{"name":"dataconnect"},"message":"E0206 17:48:27.456105   46860 watch.go:116] watchAllDir unable to walk dir `c:\\Users\\elmae\\proyecto-tiendas\\dataconnect`: CreateFile c:\\Users\\elmae\\proyecto-tiendas\\dataconnect: The system cannot find the file specified.\n"}}
[debug] [2026-02-06T21:48:27.456Z] E0206 17:48:27.456105   46860 watch.go:40] Failed to load config from "c:\\Users\\elmae\\proyecto-tiendas\\dataconnect": could not find dataconnect.yaml in `c:\Users\elmae\proyecto-tiendas\dataconnect`
 {"metadata":{"emulator":{"name":"dataconnect"},"message":"E0206 17:48:27.456105   46860 watch.go:40] Failed to load config from \"c:\\\\Users\\\\elmae\\\\proyecto-tiendas\\\\dataconnect\": could not find dataconnect.yaml in `c:\\Users\\elmae\\proyecto-tiendas\\dataconnect`\n"}}
[debug] [2026-02-06T21:48:37.459Z] E0206 17:48:37.459132   46860 watch.go:40] Failed to load config from "c:\\Users\\elmae\\proyecto-tiendas\\dataconnect": could not find dataconnect.yaml in `c:\Users\elmae\proyecto-tiendas\dataconnect`
 {"metadata":{"emulator":{"name":"dataconnect"},"message":"E0206 17:48:37.459132   46860 watch.go:40] Failed to load config from \"c:\\\\Users\\\\elmae\\\\proyecto-tiendas\\\\dataconnect\": could not find dataconnect.yaml in `c:\\Users\\elmae\\proyecto-tiendas\\dataconnect`\n"}}
[debug] [2026-02-06T21:48:47.456Z] E0206 17:48:47.456646   46860 watch.go:40] Failed to load config from "c:\\Users\\elmae\\proyecto-tiendas\\dataconnect": could not find dataconnect.yaml in `c:\Users\elmae\proyecto-tiendas\dataconnect`
 {"metadata":{"emulator":{"name":"dataconnect"},"message":"E0206 17:48:47.456646   46860 watch.go:40] Failed to load config from \"c:\\\\Users\\\\elmae\\\\proyecto-tiendas\\\\dataconnect\": could not find dataconnect.yaml in `c:\\Users\\elmae\\proyecto-tiendas\\dataconnect`\n"}}
[debug] [2026-02-06T21:48:57.456Z] E0206 17:48:57.455543   46860 watch.go:40] Failed to load config from "c:\\Users\\elmae\\proyecto-tiendas\\dataconnect": could not find dataconnect.yaml in `c:\Users\elmae\proyecto-tiendas\dataconnect`
 {"metadata":{"emulator":{"name":"dataconnect"},"message":"E0206 17:48:57.455543   46860 watch.go:40] Failed to load config from \"c:\\\\Users\\\\elmae\\\\proyecto-tiendas\\\\dataconnect\": could not find dataconnect.yaml in `c:\\Users\\elmae\\proyecto-tiendas\\dataconnect`\n"}}
[debug] [2026-02-06T21:49:07.456Z] E0206 17:49:07.456625   46860 watch.go:40] Failed to load config from "c:\\Users\\elmae\\proyecto-tiendas\\dataconnect": could not find dataconnect.yaml in `c:\Users\elmae\proyecto-tiendas\dataconnect`
 {"metadata":{"emulator":{"name":"dataconnect"},"message":"E0206 17:49:07.456625   46860 watch.go:40] Failed to load config from \"c:\\\\Users\\\\elmae\\\\proyecto-tiendas\\\\dataconnect\": could not find dataconnect.yaml in `c:\\Users\\elmae\\proyecto-tiendas\\dataconnect`\n"}}
[debug] [2026-02-06T21:49:17.458Z] E0206 17:49:17.458174   46860 watch.go:40] Failed to load config from "c:\\Users\\elmae\\proyecto-tiendas\\dataconnect": could not find dataconnect.yaml in `c:\Users\elmae\proyecto-tiendas\dataconnect`
 {"metadata":{"emulator":{"name":"dataconnect"},"message":"E0206 17:49:17.458174   46860 watch.go:40] Failed to load config from \"c:\\\\Users\\\\elmae\\\\proyecto-tiendas\\\\dataconnect\": could not find dataconnect.yaml in `c:\\Users\\elmae\\proyecto-tiendas\\dataconnect`\n"}}
[debug] [2026-02-06T21:49:27.456Z] E0206 17:49:27.456110   46860 watch.go:116] watchAllDir unable to walk dir `c:\Users\elmae\proyecto-tiendas\dataconnect`: CreateFile c:\Users\elmae\proyecto-tiendas\dataconnect: The system cannot find the file specified.
 {"metadata":{"emulator":{"name":"dataconnect"},"message":"E0206 17:49:27.456110   46860 watch.go:116] watchAllDir unable to walk dir `c:\\Users\\elmae\\proyecto-tiendas\\dataconnect`: CreateFile c:\\Users\\elmae\\proyecto-tiendas\\dataconnect: The system cannot find the file specified.\n"}}
[debug] [2026-02-06T21:49:27.456Z] E0206 17:49:27.456110   46860 watch.go:40] Failed to load config from "c:\\Users\\elmae\\proyecto-tiendas\\dataconnect": could not find dataconnect.yaml in `c:\Users\elmae\proyecto-tiendas\dataconnect`
 {"metadata":{"emulator":{"name":"dataconnect"},"message":"E0206 17:49:27.456110   46860 watch.go:40] Failed to load config from \"c:\\\\Users\\\\elmae\\\\proyecto-tiendas\\\\dataconnect\": could not find dataconnect.yaml in `c:\\Users\\elmae\\proyecto-tiendas\\dataconnect`\n"}}
[debug] [2026-02-06T21:49:37.457Z] E0206 17:49:37.456346   46860 watch.go:40] Failed to load config from "c:\\Users\\elmae\\proyecto-tiendas\\dataconnect": could not find dataconnect.yaml in `c:\Users\elmae\proyecto-tiendas\dataconnect`
 {"metadata":{"emulator":{"name":"dataconnect"},"message":"E0206 17:49:37.456346   46860 watch.go:40] Failed to load config from \"c:\\\\Users\\\\elmae\\\\proyecto-tiendas\\\\dataconnect\": could not find dataconnect.yaml in `c:\\Users\\elmae\\proyecto-tiendas\\dataconnect`\n"}}
[debug] [2026-02-06T21:49:47.456Z] E0206 17:49:47.456177   46860 watch.go:40] Failed to load config from "c:\\Users\\elmae\\proyecto-tiendas\\dataconnect": could not find dataconnect.yaml in `c:\Users\elmae\proyecto-tiendas\dataconnect`
 {"metadata":{"emulator":{"name":"dataconnect"},"message":"E0206 17:49:47.456177   46860 watch.go:40] Failed to load config from \"c:\\\\Users\\\\elmae\\\\proyecto-tiendas\\\\dataconnect\": could not find dataconnect.yaml in `c:\\Users\\elmae\\proyecto-tiendas\\dataconnect`\n"}}
[debug] [2026-02-06T21:49:57.456Z] E0206 17:49:57.456038   46860 watch.go:40] Failed to load config from "c:\\Users\\elmae\\proyecto-tiendas\\dataconnect": could not find dataconnect.yaml in `c:\Users\elmae\proyecto-tiendas\dataconnect`
 {"metadata":{"emulator":{"name":"dataconnect"},"message":"E0206 17:49:57.456038   46860 watch.go:40] Failed to load config from \"c:\\\\Users\\\\elmae\\\\proyecto-tiendas\\\\dataconnect\": could not find dataconnect.yaml in `c:\\Users\\elmae\\proyecto-tiendas\\dataconnect`\n"}}
[debug] [2026-02-06T21:50:07.456Z] E0206 17:50:07.455378   46860 watch.go:40] Failed to load config from "c:\\Users\\elmae\\proyecto-tiendas\\dataconnect": could not find dataconnect.yaml in `c:\Users\elmae\proyecto-tiendas\dataconnect`
 {"metadata":{"emulator":{"name":"dataconnect"},"message":"E0206 17:50:07.455378   46860 watch.go:40] Failed to load config from \"c:\\\\Users\\\\elmae\\\\proyecto-tiendas\\\\dataconnect\": could not find dataconnect.yaml in `c:\\Users\\elmae\\proyecto-tiendas\\dataconnect`\n"}}
[debug] [2026-02-06T21:50:17.457Z] E0206 17:50:17.456913   46860 watch.go:40] Failed to load config from "c:\\Users\\elmae\\proyecto-tiendas\\dataconnect": could not find dataconnect.yaml in `c:\Users\elmae\proyecto-tiendas\dataconnect`
 {"metadata":{"emulator":{"name":"dataconnect"},"message":"E0206 17:50:17.456913   46860 watch.go:40] Failed to load config from \"c:\\\\Users\\\\elmae\\\\proyecto-tiendas\\\\dataconnect\": could not find dataconnect.yaml in `c:\\Users\\elmae\\proyecto-tiendas\\dataconnect`\n"}}
[debug] [2026-02-06T21:50:27.456Z] E0206 17:50:27.456081   46860 watch.go:116] watchAllDir unable to walk dir `c:\Users\elmae\proyecto-tiendas\dataconnect`: CreateFile c:\Users\elmae\proyecto-tiendas\dataconnect: The system cannot find the file specified.
 {"metadata":{"emulator":{"name":"dataconnect"},"message":"E0206 17:50:27.456081   46860 watch.go:116] watchAllDir unable to walk dir `c:\\Users\\elmae\\proyecto-tiendas\\dataconnect`: CreateFile c:\\Users\\elmae\\proyecto-tiendas\\dataconnect: The system cannot find the file specified.\n"}}
[debug] [2026-02-06T21:50:27.458Z] E0206 17:50:27.456640   46860 watch.go:40] Failed to load config from "c:\\Users\\elmae\\proyecto-tiendas\\dataconnect": could not find dataconnect.yaml in `c:\Users\elmae\proyecto-tiendas\dataconnect`
 {"metadata":{"emulator":{"name":"dataconnect"},"message":"E0206 17:50:27.456640   46860 watch.go:40] Failed to load config from \"c:\\\\Users\\\\elmae\\\\proyecto-tiendas\\\\dataconnect\": could not find dataconnect.yaml in `c:\\Users\\elmae\\proyecto-tiendas\\dataconnect`\n"}}
[debug] [2026-02-06T21:50:37.457Z] E0206 17:50:37.455687   46860 watch.go:40] Failed to load config from "c:\\Users\\elmae\\proyecto-tiendas\\dataconnect": could not find dataconnect.yaml in `c:\Users\elmae\proyecto-tiendas\dataconnect`
 {"metadata":{"emulator":{"name":"dataconnect"},"message":"E0206 17:50:37.455687   46860 watch.go:40] Failed to load config from \"c:\\\\Users\\\\elmae\\\\proyecto-tiendas\\\\dataconnect\": could not find dataconnect.yaml in `c:\\Users\\elmae\\proyecto-tiendas\\dataconnect`\n"}}
[debug] [2026-02-06T21:50:47.471Z] E0206 17:50:47.470997   46860 watch.go:40] Failed to load config from "c:\\Users\\elmae\\proyecto-tiendas\\dataconnect": could not find dataconnect.yaml in `c:\Users\elmae\proyecto-tiendas\dataconnect`
 {"metadata":{"emulator":{"name":"dataconnect"},"message":"E0206 17:50:47.470997   46860 watch.go:40] Failed to load config from \"c:\\\\Users\\\\elmae\\\\proyecto-tiendas\\\\dataconnect\": could not find dataconnect.yaml in `c:\\Users\\elmae\\proyecto-tiendas\\dataconnect`\n"}}
[debug] [2026-02-06T21:50:57.456Z] E0206 17:50:57.455825   46860 watch.go:40] Failed to load config from "c:\\Users\\elmae\\proyecto-tiendas\\dataconnect": could not find dataconnect.yaml in `c:\Users\elmae\proyecto-tiendas\dataconnect`
 {"metadata":{"emulator":{"name":"dataconnect"},"message":"E0206 17:50:57.455825   46860 watch.go:40] Failed to load config from \"c:\\\\Users\\\\elmae\\\\proyecto-tiendas\\\\dataconnect\": could not find dataconnect.yaml in `c:\\Users\\elmae\\proyecto-tiendas\\dataconnect`\n"}}
[debug] [2026-02-06T21:51:07.457Z] E0206 17:51:07.456451   46860 watch.go:40] Failed to load config from "c:\\Users\\elmae\\proyecto-tiendas\\dataconnect": could not find dataconnect.yaml in `c:\Users\elmae\proyecto-tiendas\dataconnect`
 {"metadata":{"emulator":{"name":"dataconnect"},"message":"E0206 17:51:07.456451   46860 watch.go:40] Failed to load config from \"c:\\\\Users\\\\elmae\\\\proyecto-tiendas\\\\dataconnect\": could not find dataconnect.yaml in `c:\\Users\\elmae\\proyecto-tiendas\\dataconnect`\n"}}
[debug] [2026-02-06T21:51:17.456Z] E0206 17:51:17.456083   46860 watch.go:40] Failed to load config from "c:\\Users\\elmae\\proyecto-tiendas\\dataconnect": could not find dataconnect.yaml in `c:\Users\elmae\proyecto-tiendas\dataconnect`
 {"metadata":{"emulator":{"name":"dataconnect"},"message":"E0206 17:51:17.456083   46860 watch.go:40] Failed to load config from \"c:\\\\Users\\\\elmae\\\\proyecto-tiendas\\\\dataconnect\": could not find dataconnect.yaml in `c:\\Users\\elmae\\proyecto-tiendas\\dataconnect`\n"}}
[debug] [2026-02-06T21:51:27.456Z] E0206 17:51:27.455855   46860 watch.go:116] watchAllDir unable to walk dir `c:\Users\elmae\proyecto-tiendas\dataconnect`: CreateFile c:\Users\elmae\proyecto-tiendas\dataconnect: The system cannot find the file specified.
 {"metadata":{"emulator":{"name":"dataconnect"},"message":"E0206 17:51:27.455855   46860 watch.go:116] watchAllDir unable to walk dir `c:\\Users\\elmae\\proyecto-tiendas\\dataconnect`: CreateFile c:\\Users\\elmae\\proyecto-tiendas\\dataconnect: The system cannot find the file specified.\n"}}
[debug] [2026-02-06T21:51:27.457Z] E0206 17:51:27.456377   46860 watch.go:40] Failed to load config from "c:\\Users\\elmae\\proyecto-tiendas\\dataconnect": could not find dataconnect.yaml in `c:\Users\elmae\proyecto-tiendas\dataconnect`
 {"metadata":{"emulator":{"name":"dataconnect"},"message":"E0206 17:51:27.456377   46860 watch.go:40] Failed to load config from \"c:\\\\Users\\\\elmae\\\\proyecto-tiendas\\\\dataconnect\": could not find dataconnect.yaml in `c:\\Users\\elmae\\proyecto-tiendas\\dataconnect`\n"}}
[debug] [2026-02-06T21:51:37.457Z] E0206 17:51:37.457715   46860 watch.go:40] Failed to load config from "c:\\Users\\elmae\\proyecto-tiendas\\dataconnect": could not find dataconnect.yaml in `c:\Users\elmae\proyecto-tiendas\dataconnect`
 {"metadata":{"emulator":{"name":"dataconnect"},"message":"E0206 17:51:37.457715   46860 watch.go:40] Failed to load config from \"c:\\\\Users\\\\elmae\\\\proyecto-tiendas\\\\dataconnect\": could not find dataconnect.yaml in `c:\\Users\\elmae\\proyecto-tiendas\\dataconnect`\n"}}
[debug] [2026-02-06T21:51:47.455Z] E0206 17:51:47.455510   46860 watch.go:40] Failed to load config from "c:\\Users\\elmae\\proyecto-tiendas\\dataconnect": could not find dataconnect.yaml in `c:\Users\elmae\proyecto-tiendas\dataconnect`
 {"metadata":{"emulator":{"name":"dataconnect"},"message":"E0206 17:51:47.455510   46860 watch.go:40] Failed to load config from \"c:\\\\Users\\\\elmae\\\\proyecto-tiendas\\\\dataconnect\": could not find dataconnect.yaml in `c:\\Users\\elmae\\proyecto-tiendas\\dataconnect`\n"}}
[debug] [2026-02-06T21:51:57.456Z] E0206 17:51:57.456336   46860 watch.go:40] Failed to load config from "c:\\Users\\elmae\\proyecto-tiendas\\dataconnect": could not find dataconnect.yaml in `c:\Users\elmae\proyecto-tiendas\dataconnect`
 {"metadata":{"emulator":{"name":"dataconnect"},"message":"E0206 17:51:57.456336   46860 watch.go:40] Failed to load config from \"c:\\\\Users\\\\elmae\\\\proyecto-tiendas\\\\dataconnect\": could not find dataconnect.yaml in `c:\\Users\\elmae\\proyecto-tiendas\\dataconnect`\n"}}
